---------------------------------------------------------------------------------------------------------------------------------
      name:  <unnamed>
       log:  ...RT_comparisons.log
  log type:  text
 opened on:   7 Nov 2018, 16:54:07

. use "[HIDDEN PATH]\dataset_RT_long_format.dta", clear

. by condition, sort :mvtest normality RT

---------------------------------------------------------------------------------------------------------------------------------
-> condition = Task pairs

Test for multivariate normality

    Doornik-Hansen                   chi2(2) =    0.222   Prob>chi2 =  0.8949

---------------------------------------------------------------------------------------------------------------------------------
-> condition = Control

Test for multivariate normality

    Doornik-Hansen                   chi2(2) =   13.774   Prob>chi2 =  0.0010

---------------------------------------------------------------------------------------------------------------------------------
-> condition = NRNE

Test for multivariate normality

    Doornik-Hansen                   chi2(2) =    1.734   Prob>chi2 =  0.4202

---------------------------------------------------------------------------------------------------------------------------------
-> condition = NRME

Test for multivariate normality

    Doornik-Hansen                   chi2(2) =    2.883   Prob>chi2 =  0.2366

. anova RT id condition , repeated(condition)

                           Number of obs =      96     R-squared     =  0.8454
                           Root MSE      = 303.291     Adj R-squared =  0.7871

                  Source |  Partial SS    df       MS           F     Prob > F
              -----------+----------------------------------------------------
                   Model |  34695023.1    26  1334423.97      14.51     0.0000
                         |
                      id |  8766852.59    23  381167.504       4.14     0.0000
               condition |  25928170.5     3  8642723.51      93.96     0.0000
                         |
                Residual |  6347001.65    69  91985.5311   
              -----------+----------------------------------------------------
                   Total |  41042024.8    95  432021.313   


Between-subjects error term:  id
                     Levels:  24        (23 df)
     Lowest b.s.e. variable:  id

Repeated variable: condition
                                          Huynh-Feldt epsilon        =  0.8072
                                          Greenhouse-Geisser epsilon =  0.7279
                                          Box's conservative epsilon =  0.3333

                                            ------------ Prob > F ------------
                  Source |     df      F    Regular    H-F      G-G      Box
              -----------+----------------------------------------------------
               condition |      3    93.96   0.0000   0.0000   0.0000   0.0000
                Residual |     69
              ----------------------------------------------------------------

. log close
      name:  <unnamed>
       log:  ...RT_comparisons.log
  log type:  text
 closed on:   7 Nov 2018, 16:55:09
---------------------------------------------------------------------------------------------------------------------------------
---------------------------------------------------------------------------------------------------------------------------------
      name:  <unnamed>
       log:  ...RT_comparisons.log
  log type:  text
 opened on:   8 Nov 2018, 09:09:44

. use "[HIDDEN PATH]\dataset_subject_information.dta", clear

. ttest RT_H_pairs == RT_control

Paired t test
------------------------------------------------------------------------------
Variable |     Obs        Mean    Std. Err.   Std. Dev.   [95% Conf. Interval]
---------+--------------------------------------------------------------------
RT_H_p~s |      24    2296.881    105.1034    514.8994    2079.458    2514.304
RT_con~l |      24    872.6893    33.47564    163.9965    803.4396    941.9389
---------+--------------------------------------------------------------------
    diff |      24    1424.191    110.5501    541.5828    1195.501    1652.882
------------------------------------------------------------------------------
     mean(diff) = mean(RT_H_pairs - RT_control)                   t =  12.8828
 Ho: mean(diff) = 0                              degrees of freedom =       23

 Ha: mean(diff) < 0           Ha: mean(diff) != 0           Ha: mean(diff) > 0
 Pr(T < t) = 1.0000         Pr(|T| > |t|) = 0.0000          Pr(T > t) = 0.0000

. ttest RT_H_pairs == RT_NRNE

Paired t test
------------------------------------------------------------------------------
Variable |     Obs        Mean    Std. Err.   Std. Dev.   [95% Conf. Interval]
---------+--------------------------------------------------------------------
RT_H_p~s |      24    2296.881    105.1034    514.8994    2079.458    2514.304
 RT_NRNE |      24    1269.717    74.53673    365.1539    1115.526    1423.908
---------+--------------------------------------------------------------------
    diff |      24    1027.164    81.75482    400.5152    858.0413    1196.287
------------------------------------------------------------------------------
     mean(diff) = mean(RT_H_pairs - RT_NRNE)                      t =  12.5640
 Ho: mean(diff) = 0                              degrees of freedom =       23

 Ha: mean(diff) < 0           Ha: mean(diff) != 0           Ha: mean(diff) > 0
 Pr(T < t) = 1.0000         Pr(|T| > |t|) = 0.0000          Pr(T > t) = 0.0000

. ttest RT_H_pairs == RT_NRME

Paired t test
------------------------------------------------------------------------------
Variable |     Obs        Mean    Std. Err.   Std. Dev.   [95% Conf. Interval]
---------+--------------------------------------------------------------------
RT_H_p~s |      24    2296.881    105.1034    514.8994    2079.458    2514.304
 RT_NRME |      24     1481.02    98.27056    481.4254    1277.732    1684.308
---------+--------------------------------------------------------------------
    diff |      24    815.8608     90.4665    443.1935    628.7166    1003.005
------------------------------------------------------------------------------
     mean(diff) = mean(RT_H_pairs - RT_NRME)                      t =   9.0184
 Ho: mean(diff) = 0                              degrees of freedom =       23

 Ha: mean(diff) < 0           Ha: mean(diff) != 0           Ha: mean(diff) > 0
 Pr(T < t) = 1.0000         Pr(|T| > |t|) = 0.0000          Pr(T > t) = 0.0000

. ttest RT_control == RT_NRNE

Paired t test
------------------------------------------------------------------------------
Variable |     Obs        Mean    Std. Err.   Std. Dev.   [95% Conf. Interval]
---------+--------------------------------------------------------------------
RT_con~l |      24    872.6893    33.47564    163.9965    803.4396    941.9389
 RT_NRNE |      24    1269.717    74.53673    365.1539    1115.526    1423.908
---------+--------------------------------------------------------------------
    diff |      24   -397.0274    79.80056    390.9413   -562.1074   -231.9474
------------------------------------------------------------------------------
     mean(diff) = mean(RT_control - RT_NRNE)                      t =  -4.9752
 Ho: mean(diff) = 0                              degrees of freedom =       23

 Ha: mean(diff) < 0           Ha: mean(diff) != 0           Ha: mean(diff) > 0
 Pr(T < t) = 0.0000         Pr(|T| > |t|) = 0.0000          Pr(T > t) = 1.0000

. ttest RT_control == RT_NRME

Paired t test
------------------------------------------------------------------------------
Variable |     Obs        Mean    Std. Err.   Std. Dev.   [95% Conf. Interval]
---------+--------------------------------------------------------------------
RT_con~l |      24    872.6893    33.47564    163.9965    803.4396    941.9389
 RT_NRME |      24     1481.02    98.27056    481.4254    1277.732    1684.308
---------+--------------------------------------------------------------------
    diff |      24   -608.3306    102.4427    501.8645   -820.2494   -396.4118
------------------------------------------------------------------------------
     mean(diff) = mean(RT_control - RT_NRME)                      t =  -5.9383
 Ho: mean(diff) = 0                              degrees of freedom =       23

 Ha: mean(diff) < 0           Ha: mean(diff) != 0           Ha: mean(diff) > 0
 Pr(T < t) = 0.0000         Pr(|T| > |t|) = 0.0000          Pr(T > t) = 1.0000

. ttest RT_NRNE == RT_NRME

Paired t test
------------------------------------------------------------------------------
Variable |     Obs        Mean    Std. Err.   Std. Dev.   [95% Conf. Interval]
---------+--------------------------------------------------------------------
 RT_NRNE |      24    1269.717    74.53673    365.1539    1115.526    1423.908
 RT_NRME |      24     1481.02    98.27056    481.4254    1277.732    1684.308
---------+--------------------------------------------------------------------
    diff |      24   -211.3032    45.17488    221.3108   -304.7546   -117.8519
------------------------------------------------------------------------------
     mean(diff) = mean(RT_NRNE - RT_NRME)                         t =  -4.6774
 Ho: mean(diff) = 0                              degrees of freedom =       23

 Ha: mean(diff) < 0           Ha: mean(diff) != 0           Ha: mean(diff) > 0
 Pr(T < t) = 0.0001         Pr(|T| > |t|) = 0.0001          Pr(T > t) = 0.9999

. log close
      name:  <unnamed>
       log:  ...RT_comparisons.log
  log type:  text
 closed on:   8 Nov 2018, 09:10:50
---------------------------------------------------------------------------------------------------------------------------------
